[INFO] Scanning for projects...
[INFO] 
[INFO] ------------------< com.hms:HospitalManagementSystem >------------------
[INFO] Building HospitalManagementSystem 0.0.1-SNAPSHOT
[INFO]   from pom.xml
[INFO] --------------------------------[ jar ]---------------------------------
[INFO] 
[INFO] --- clean:3.4.0:clean (default-clean) @ HospitalManagementSystem ---
[INFO] Deleting /home/artem/test/hms-final/hms-backend/target
[INFO] 
[INFO] --- resources:3.3.1:resources (default-resources) @ HospitalManagementSystem ---
[INFO] Copying 1 resource from src/main/resources to target/classes
[INFO] Copying 0 resource from src/main/resources to target/classes
[INFO] 
[INFO] --- compiler:3.13.0:compile (default-compile) @ HospitalManagementSystem ---
[INFO] Recompiling the module because of changed source code.
[INFO] Compiling 23 source files with javac [debug parameters release 17] to target/classes
[INFO] 
[INFO] --- resources:3.3.1:testResources (default-testResources) @ HospitalManagementSystem ---
[INFO] skip non existing resourceDirectory /home/artem/test/hms-final/hms-backend/src/test/resources
[INFO] 
[INFO] --- compiler:3.13.0:testCompile (default-testCompile) @ HospitalManagementSystem ---
[INFO] Recompiling the module because of changed dependency.
[INFO] Compiling 2 source files with javac [debug parameters release 17] to target/test-classes
[INFO] 
[INFO] --- surefire:3.5.2:test (default-test) @ HospitalManagementSystem ---
[INFO] Tests are skipped.
[INFO] 
[INFO] --- jar:3.4.2:jar (default-jar) @ HospitalManagementSystem ---
[INFO] Building jar: /home/artem/test/hms-final/hms-backend/target/HospitalManagementSystem-0.0.1-SNAPSHOT.jar
[INFO] 
[INFO] --- spring-boot:3.4.1:repackage (repackage) @ HospitalManagementSystem ---
[INFO] Replacing main artifact /home/artem/test/hms-final/hms-backend/target/HospitalManagementSystem-0.0.1-SNAPSHOT.jar with repackaged archive, adding nested dependencies in BOOT-INF/.
[INFO] The original artifact has been renamed to /home/artem/test/hms-final/hms-backend/target/HospitalManagementSystem-0.0.1-SNAPSHOT.jar.original
[INFO] 
[INFO] --- install:3.1.3:install (default-install) @ HospitalManagementSystem ---
[INFO] Installing /home/artem/test/hms-final/hms-backend/pom.xml to /home/artem/.m2/repository/com/hms/HospitalManagementSystem/0.0.1-SNAPSHOT/HospitalManagementSystem-0.0.1-SNAPSHOT.pom
[INFO] Installing /home/artem/test/hms-final/hms-backend/target/HospitalManagementSystem-0.0.1-SNAPSHOT.jar to /home/artem/.m2/repository/com/hms/HospitalManagementSystem/0.0.1-SNAPSHOT/HospitalManagementSystem-0.0.1-SNAPSHOT.jar
[INFO] ------------------------------------------------------------------------
[INFO] BUILD SUCCESS
[INFO] ------------------------------------------------------------------------
[INFO] Total time:  5.296 s
[INFO] Finished at: 2026-02-10T13:20:54+05:30
[INFO] ------------------------------------------------------------------------
